// Jest Snapshot v1, https://goo.gl/fbAQLP

exports[`renders a snapshot 1`] = `
<div
  className="App"
>
  <h1>
    rr-8-snapshot-testing
  </h1>
  <div
    className="card"
    style={
      Object {
        "margin": "auto",
        "width": "28rem",
      }
    }
  >
    <img
      className="card-img-top"
      src="github.jpg"
    />
    <div
      className="card-body"
    >
      <div
        className="card-title h5"
      >
        Esteban Sepulveda
      </div>
      <p
        className="card-text"
      >
        Software Developer. Current student attending SDSU's Software Development Bootcamp. Actively expanding my knowledge in software development.
      </p>
    </div>
  </div>
</div>
`;
